<html>
<body>
<pre>
<h1>µVision Build Log</h1>
<h2>Tool Versions:</h2>
IDE-Version: ¦ÌVision V5.24.2.0
Copyright (C) 2017 ARM Ltd and ARM Germany GmbH. All rights reserved.
License Information: 1 896047872@qq.com, 1, LIC=8VRJ7-E1TEB-FW02N-Y115T-9KMDE-55BHY
 
Tool Versions:
Toolchain:       MDK-ARM Plus  Version: 5.24.1
Toolchain Path:  D:\keil5\ARM\ARMCLANG\Bin
C Compiler:      ArmClang.exe V6.7
Assembler:       Armasm.exe V6.7
Linker/Locator:  ArmLink.exe V6.7
Library Manager: ArmAr.exe V6.7
Hex Converter:   FromElf.exe V6.7
CPU DLL:         SARMCM3.DLL V5.24.1
Dialog DLL:      DCM.DLL V1.16.0.0
Target DLL:      UL2CM3.DLL V1.160.3.0
Dialog DLL:      TCM.DLL V1.32.0.0
 
<h2>Project:</h2>
D:\1ARM\Electronic_Control\2026_VANGUARD_HERO\HERO_Chassis\MDK-ARM\2026_VANGUARD_Frame.uvprojx
Project File Date:  10/20/2025

<h2>Output:</h2>
*** Using Compiler 'V6.7', folder: 'D:\keil5\ARM\ARMCLANG\Bin'
Rebuild target '2026_VANGUARD_Frame'
assembling startup_stm32h723xx.s...
compiling gpio.c...
compiling usart.c...
compiling freertos.c...
compiling spi.c...
compiling fdcan.c...
compiling stm32h7xx_hal_timebase_tim.c...
compiling stm32h7xx_hal_rcc_ex.c...
compiling i2c.c...
compiling tim.c...
compiling stm32h7xx_it.c...
compiling stm32h7xx_hal_msp.c...
compiling stm32h7xx_hal_hsem.c...
compiling rng.c...
compiling dma.c...
compiling stm32h7xx_hal_flash.c...
compiling main.c...
compiling stm32h7xx_hal_gpio.c...
compiling stm32h7xx_hal_rcc.c...
compiling stm32h7xx_hal_cortex.c...
compiling stm32h7xx_hal_flash_ex.c...
compiling stm32h7xx_hal_tim_ex.c...
compiling stm32h7xx_hal_dma.c...
compiling stm32h7xx_hal_tim.c...
compiling stm32h7xx_hal_dma_ex.c...
compiling stm32h7xx_hal_mdma.c...
compiling stm32h7xx_hal_pwr.c...
compiling stm32h7xx_hal_pwr_ex.c...
compiling stm32h7xx_hal.c...
compiling stm32h7xx_hal_i2c_ex.c...
compiling stm32h7xx_hal_spi_ex.c...
compiling stm32h7xx_hal_exti.c...
compiling stm32h7xx_hal_rng.c...
compiling croutine.c...
compiling stm32h7xx_hal_rng_ex.c...
compiling stm32h7xx_hal_i2c.c...
compiling event_groups.c...
compiling stm32h7xx_hal_uart_ex.c...
compiling stm32h7xx_hal_spi.c...
compiling list.c...
compiling system_stm32h7xx.c...
compiling stm32h7xx_hal_fdcan.c...
compiling stm32h7xx_hal_uart.c...
compiling queue.c...
compiling stream_buffer.c...
compiling timers.c...
compiling tasks.c...
compiling port.c...
compiling heap_4.c...
compiling bsp_dwt.c...
compiling cmsis_os2.c...
compiling bsp_pwm.c...
compiling bsp_can.c...
compiling defense_center.c...
compiling bsp_spi.c...
compiling bsp_usart.c...
compiling message_center.c...
compiling bsp_gpio.c...
compiling bsp_iic.c...
compiling drv_motor.c...
compiling ws2812.c...
compiling vofa.c...
compiling buzzer.c...
compiling DJI_motor.c...
compiling bmi088.c...
compiling pid.c...
compiling remote_control.c...
compiling DM_motor.c...
compiling wfly_control.c...
compiling user_lib.c...
compiling signal_generator.c...
compiling CRC.c...
compiling MadgwickAHRS.c...
compiling MahonyAHRS.c...
compiling kalman_one_filter.c...
compiling kalman_filter.c...
compiling QuaternionEKF.c...
compiling mahony_filter.c...
compiling normal_filter.c...
compiling lpf.c...
compiling vmc.c...
compiling ols.c...
compiling rls.c...
compiling robot_frame_config.c...
../algorithm/controller/PID/digital_pid.c(77): warning: taking address of packed member 'DWT_cnt' of class or structure 'digital_PID_t' may result in an unaligned pointer value [-Waddress-of-packed-member]
    hpid->dt = DWT_GetDeltaT(&hpid->DWT_cnt);
                              ^~~~~~~~~~~~~
../algorithm/controller/PID/digital_pid.c(185): warning: taking address of packed member 'DWT_cnt' of class or structure 'digital_PID_t' may result in an unaligned pointer value [-Waddress-of-packed-member]
    hpid->dt = DWT_GetDeltaT(&hpid->DWT_cnt);
                              ^~~~~~~~~~~~~
2 warnings generated.
compiling digital_pid.c...
compiling lms.c...
compiling gimbal.c...
compiling gimbal_task.c...
compiling shoot.c...
compiling chassis.c...
compiling daemon.c...
compiling shoot_task.c...
compiling robot_frame_init.c...
compiling chassis_task.c...
compiling daemon_task.c...
compiling BMI088driver.c...
compiling BMI088Middleware.c...
compiling procotol_task.c...
compiling INS_task.c...
compiling INS.c...
compiling procotol.c...
compiling balance_chassis.c...
linking...
Program Size: Code=141348 RO-data=4592 RW-data=1204 ZI-data=44252  
"2026_VANGUARD_Frame\2026_VANGUARD_Frame.axf" - 0 Error(s), 2 Warning(s).

<h2>Software Packages used:</h2>

Package Vendor: ARM
                http://www.keil.com/pack/ARM.CMSIS.5.0.1.pack
                ARM.CMSIS.5.0.1
                CMSIS (Cortex Microcontroller Software Interface Standard)
   * Component: CORE Version: 5.0.1

Package Vendor: Keil
                https://www.keil.com/pack/Keil.STM32H7xx_DFP.3.1.1.pack
                Keil.STM32H7xx_DFP.3.1.1
                STMicroelectronics STM32H7 Series Device Support and Examples

<h2>Collection of Component include folders:</h2>
  .\RTE\_2026_VANGUARD_Frame
  D:\keil5\ARM\PACK\ARM\CMSIS\5.0.1\CMSIS\Include
  D:\keil5\ARM\PACK\Keil\STM32H7xx_DFP\3.1.1\Drivers\CMSIS\Device\ST\STM32H7xx\Include

<h2>Collection of Component Files used:</h2>

   * Component: ARM::CMSIS:CORE:5.0.1
Build Time Elapsed:  00:00:05
</pre>
</body>
</html>
